python : Traceback (most recent call last):
At line:1 char:1
+ python debug_genai.py > test_output.txt 2>&1
+ ~~~~~~~~~~~~~~~~~~~~~~~~~~~~~~~~~~~~~~~~~~~~
    + CategoryInfo          : NotSpecified: (Traceback (most recent 
    call last)::String) [], RemoteException
    + FullyQualifiedErrorId : NativeCommandError
 
  File "D:\calmira\backned-hck\debug_genai.py", line 8, in <module>
    print("\U0001f50d Debug Test Starting...")
  File "C:\Users\rohit\AppData\Roaming\uv\python\cpython-3.12.11-win
dows-x86_64-none\Lib\encodings\cp1252.py", line 19, in encode
    return 
codecs.charmap_encode(input,self.errors,encoding_table)[0]
           ^^^^^^^^^^^^^^^^^^^^^^^^^^^^^^^^^^^^^^^^^^^^^^^^^^^^^^^
UnicodeEncodeError: 'charmap' codec can't encode character 
'\U0001f50d' in position 0: character maps to <undefined>
